2025-11-16 22:51:34 [INFO ] com.dlh.step_definitions.Common_Step_Def [main] Starting beforeScenario setup...
2025-11-16 22:51:34 [INFO ] com.dlh.step_definitions.Common_Step_Def [main] Properties loaded successfully.
2025-11-16 22:51:34 [INFO ] com.dlh.step_definitions.Common_Step_Def [main] Driver is null — launching browser...
2025-11-16 22:51:34 [INFO ] com.dlh.webdriver_manager.DriverManager [main] Launching browser: chrome
2025-11-16 22:51:37 [INFO ] io.github.bonigarcia.wdm.WebDriverManager [main] Using chromedriver 142.0.7444.162 (resolved driver for Chrome 142)
2025-11-16 22:51:38 [INFO ] io.github.bonigarcia.wdm.WebDriverManager [main] Exporting webdriver.chrome.driver as C:\Users\haris\.cache\selenium\chromedriver\win64\142.0.7444.162\chromedriver.exe
2025-11-16 22:51:41 [INFO ] com.dlh.webdriver_manager.DriverManager [main] Chrome browser launched successfully.
2025-11-16 22:51:50 [INFO ] com.dlh.step_definitions.VerifyJobTitle_Step_Def [main] User is logged on successfully and is on Home Page
2025-11-16 22:51:54 [INFO ] com.dlh.step_definitions.VerifyJobTitle_Step_Def [main] the user clicks on the directory option from the Menu bar
2025-11-16 22:51:54 [INFO ] com.dlh.step_definitions.VerifyJobTitle_Step_Def [main] the user selects job title as CFO from the drop down
2025-11-16 22:51:57 [INFO ] com.dlh.step_definitions.Common_Step_Def [main] Starting beforeScenario setup...
2025-11-16 22:51:57 [INFO ] com.dlh.step_definitions.Common_Step_Def [main] Properties loaded successfully.
2025-11-16 22:51:57 [INFO ] com.dlh.step_definitions.Common_Step_Def [main] Driver already initialized — skipping browser launch.
2025-11-16 22:52:02 [INFO ] com.dlh.step_definitions.VerifyPendingTimeSheets_Step_Def [main] the user clicks on the time option from the Menu bar
2025-11-16 22:52:05 [ERROR] com.dlh.step_definitions.VerifyPendingTimeSheets_Step_Def [main] Error while entering name: Cannot invoke "org.openqa.selenium.WebElement.click()" because "this.TIMESHEET" is null
2025-11-16 22:52:05 [ERROR] com.dlh.step_definitions.VerifyPendingTimeSheets_Step_Def [main] Error while clicking on view button: Cannot invoke "org.openqa.selenium.WebElement.click()" because "this.SUBMIT" is null
2025-11-16 22:52:05 [INFO ] com.dlh.step_definitions.VerifyPendingTimeSheets_Step_Def [main] the user should see the message as There are no pending timesheets to approve
2025-11-16 22:52:09 [ERROR] com.dlh.step_definitions.VerifyPendingTimeSheets_Step_Def [main] Error while fetching message: Cannot invoke "org.openqa.selenium.WebElement.getText()" because "this.TIMESHEETPERIOD" is null
2025-11-16 22:54:35 [INFO ] com.dlh.step_definitions.Common_Step_Def [main] Starting beforeScenario setup...
2025-11-16 22:54:35 [INFO ] com.dlh.step_definitions.Common_Step_Def [main] Properties loaded successfully.
2025-11-16 22:54:35 [INFO ] com.dlh.step_definitions.Common_Step_Def [main] Driver is null — launching browser...
2025-11-16 22:54:35 [INFO ] com.dlh.webdriver_manager.DriverManager [main] Launching browser: chrome
2025-11-16 22:54:35 [INFO ] io.github.bonigarcia.wdm.WebDriverManager [main] Using chromedriver 142.0.7444.162 (resolved driver for Chrome 142)
2025-11-16 22:54:35 [INFO ] io.github.bonigarcia.wdm.WebDriverManager [main] Exporting webdriver.chrome.driver as C:\Users\haris\.cache\selenium\chromedriver\win64\142.0.7444.162\chromedriver.exe
2025-11-16 22:54:37 [INFO ] com.dlh.webdriver_manager.DriverManager [main] Chrome browser launched successfully.
2025-11-16 22:54:48 [INFO ] com.dlh.step_definitions.VerifyJobTitle_Step_Def [main] the user clicks on the directory option from the Menu bar
2025-11-16 22:54:48 [INFO ] com.dlh.step_definitions.Common_Step_Def [main] Starting beforeScenario setup...
2025-11-16 22:54:48 [INFO ] com.dlh.step_definitions.Common_Step_Def [main] Properties loaded successfully.
2025-11-16 22:54:48 [INFO ] com.dlh.step_definitions.Common_Step_Def [main] Driver already initialized — skipping browser launch.
2025-11-16 22:54:53 [INFO ] com.dlh.step_definitions.VerifyPendingTimeSheets_Step_Def [main] the user clicks on the time option from the Menu bar
2025-11-16 22:54:56 [ERROR] com.dlh.step_definitions.VerifyPendingTimeSheets_Step_Def [main] Error while entering name: Cannot invoke "org.openqa.selenium.WebElement.click()" because "this.TIMESHEET" is null
2025-11-16 22:54:56 [ERROR] com.dlh.step_definitions.VerifyPendingTimeSheets_Step_Def [main] Error while clicking on view button: Cannot invoke "org.openqa.selenium.WebElement.click()" because "this.SUBMIT" is null
2025-11-16 22:54:56 [INFO ] com.dlh.step_definitions.VerifyPendingTimeSheets_Step_Def [main] the user should see the message as There are no pending timesheets to approve
2025-11-16 22:55:00 [ERROR] com.dlh.step_definitions.VerifyPendingTimeSheets_Step_Def [main] Error while fetching message: Cannot invoke "org.openqa.selenium.WebElement.getText()" because "this.TIMESHEETPERIOD" is null
2025-11-16 22:55:16 [INFO ] com.dlh.step_definitions.Common_Step_Def [main] Starting beforeScenario setup...
2025-11-16 22:55:16 [INFO ] com.dlh.step_definitions.Common_Step_Def [main] Properties loaded successfully.
2025-11-16 22:55:16 [INFO ] com.dlh.step_definitions.Common_Step_Def [main] Driver is null — launching browser...
2025-11-16 22:55:16 [INFO ] com.dlh.webdriver_manager.DriverManager [main] Launching browser: chrome
2025-11-16 22:55:16 [INFO ] io.github.bonigarcia.wdm.WebDriverManager [main] Using chromedriver 142.0.7444.162 (resolved driver for Chrome 142)
2025-11-16 22:55:16 [INFO ] io.github.bonigarcia.wdm.WebDriverManager [main] Exporting webdriver.chrome.driver as C:\Users\haris\.cache\selenium\chromedriver\win64\142.0.7444.162\chromedriver.exe
2025-11-16 22:55:17 [INFO ] com.dlh.webdriver_manager.DriverManager [main] Chrome browser launched successfully.
2025-11-16 22:55:29 [INFO ] com.dlh.step_definitions.VerifyJobTitle_Step_Def [main] the user clicks on the directory option from the Menu bar
2025-11-16 22:55:29 [INFO ] com.dlh.step_definitions.VerifyJobTitle_Step_Def [main] the user selects job title as CFO from the drop down
2025-11-16 22:55:35 [INFO ] com.dlh.step_definitions.VerifyJobTitle_Step_Def [main] clicks the search button
2025-11-16 22:55:35 [INFO ] com.dlh.step_definitions.VerifyJobTitle_Step_Def [main] the user should see the job title for Emp as {string}
2025-11-16 22:55:36 [ERROR] com.dlh.step_definitions.VerifyJobTitle_Step_Def [main] Error while fetching emp name: no such element: Unable to locate element: {"method":"xpath","selector":"//*[@id='app']/div[1]/div[2]/div[2]/div/div[2]/div/div[2]/div/div/div/p[1]"}
  (Session info: chrome=142.0.7444.163)
For documentation on this error, please visit: https://www.seleniumhq.org/exceptions/no_such_element.html
Build info: version: '3.141.59', revision: 'e82be7d358', time: '2018-11-14T08:17:03'
System info: host: 'HARISH', ip: '192.168.29.182', os.name: 'Windows 11', os.arch: 'amd64', os.version: '10.0', java.version: '17.0.12'
Driver info: org.openqa.selenium.chrome.ChromeDriver
Capabilities {acceptInsecureCerts: false, browserName: chrome, browserVersion: 142.0.7444.163, chrome: {chromedriverVersion: 142.0.7444.162 (c076baf266c..., userDataDir: C:\Users\haris\AppData\Loca...}, fedcm:accounts: true, goog:chromeOptions: {debuggerAddress: localhost:64365}, goog:processID: 17640, javascriptEnabled: true, networkConnectionEnabled: false, pageLoadStrategy: normal, platform: WINDOWS, platformName: WINDOWS, proxy: Proxy(), setWindowRect: true, strictFileInteractability: false, timeouts: {implicit: 0, pageLoad: 300000, script: 30000}, unhandledPromptBehavior: dismiss and notify, webauthn:extension:credBlob: true, webauthn:extension:largeBlob: true, webauthn:extension:minPinLength: true, webauthn:extension:prf: true, webauthn:virtualAuthenticators: true}
Session ID: a48758d1f4b597a703942d70efe2d7ab
*** Element info: {Using=xpath, value=//*[@id='app']/div[1]/div[2]/div[2]/div/div[2]/div/div[2]/div/div/div/p[1]}
2025-11-16 22:55:36 [INFO ] com.dlh.step_definitions.Common_Step_Def [main] Starting beforeScenario setup...
2025-11-16 22:55:36 [INFO ] com.dlh.step_definitions.Common_Step_Def [main] Properties loaded successfully.
2025-11-16 22:55:36 [INFO ] com.dlh.step_definitions.Common_Step_Def [main] Driver already initialized — skipping browser launch.
2025-11-16 22:55:40 [INFO ] com.dlh.step_definitions.VerifyPendingTimeSheets_Step_Def [main] the user clicks on the time option from the Menu bar
2025-11-16 22:55:43 [ERROR] com.dlh.step_definitions.VerifyPendingTimeSheets_Step_Def [main] Error while entering name: Cannot invoke "org.openqa.selenium.WebElement.click()" because "this.TIMESHEET" is null
2025-11-16 22:55:43 [ERROR] com.dlh.step_definitions.VerifyPendingTimeSheets_Step_Def [main] Error while clicking on view button: Cannot invoke "org.openqa.selenium.WebElement.click()" because "this.SUBMIT" is null
2025-11-16 22:55:43 [INFO ] com.dlh.step_definitions.VerifyPendingTimeSheets_Step_Def [main] the user should see the message as There are no pending timesheets to approve
2025-11-16 22:55:46 [ERROR] com.dlh.step_definitions.VerifyPendingTimeSheets_Step_Def [main] Error while fetching message: Cannot invoke "org.openqa.selenium.WebElement.getText()" because "this.TIMESHEETPERIOD" is null
2025-11-16 23:06:07 [INFO ] com.dlh.step_definitions.Common_Step_Def [main] Starting beforeScenario setup...
2025-11-16 23:06:08 [INFO ] com.dlh.step_definitions.Common_Step_Def [main] Properties loaded successfully.
2025-11-16 23:06:08 [INFO ] com.dlh.step_definitions.Common_Step_Def [main] Driver is null — launching browser...
2025-11-16 23:06:08 [INFO ] com.dlh.webdriver_manager.DriverManager [main] Launching browser: chrome
2025-11-16 23:06:08 [INFO ] io.github.bonigarcia.wdm.WebDriverManager [main] Using chromedriver 142.0.7444.162 (resolved driver for Chrome 142)
2025-11-16 23:06:08 [INFO ] io.github.bonigarcia.wdm.WebDriverManager [main] Exporting webdriver.chrome.driver as C:\Users\haris\.cache\selenium\chromedriver\win64\142.0.7444.162\chromedriver.exe
2025-11-16 23:06:09 [INFO ] com.dlh.webdriver_manager.DriverManager [main] Chrome browser launched successfully.
2025-11-16 23:06:20 [INFO ] com.dlh.step_definitions.VerifyJobTitle_Step_Def [main] the user clicks on the directory option from the Menu bar
2025-11-16 23:06:20 [INFO ] com.dlh.step_definitions.VerifyJobTitle_Step_Def [main] the user selects job title as CFO from the drop down
2025-11-16 23:06:26 [INFO ] com.dlh.step_definitions.VerifyJobTitle_Step_Def [main] clicks the search button
2025-11-16 23:06:26 [INFO ] com.dlh.step_definitions.VerifyJobTitle_Step_Def [main] the user should see the job title for Emp as {string}
2025-11-16 23:06:26 [ERROR] com.dlh.step_definitions.VerifyJobTitle_Step_Def [main] Error while fetching emp name: no such element: Unable to locate element: {"method":"xpath","selector":"//*[@id='app']/div[1]/div[2]/div[2]/div/div[2]/div/div[2]/div/div/div/p[1]"}
  (Session info: chrome=142.0.7444.163)
For documentation on this error, please visit: https://www.seleniumhq.org/exceptions/no_such_element.html
Build info: version: '3.141.59', revision: 'e82be7d358', time: '2018-11-14T08:17:03'
System info: host: 'HARISH', ip: '192.168.29.182', os.name: 'Windows 11', os.arch: 'amd64', os.version: '10.0', java.version: '17.0.12'
Driver info: org.openqa.selenium.chrome.ChromeDriver
Capabilities {acceptInsecureCerts: false, browserName: chrome, browserVersion: 142.0.7444.163, chrome: {chromedriverVersion: 142.0.7444.162 (c076baf266c..., userDataDir: C:\Users\haris\AppData\Loca...}, fedcm:accounts: true, goog:chromeOptions: {debuggerAddress: localhost:52768}, goog:processID: 8908, javascriptEnabled: true, networkConnectionEnabled: false, pageLoadStrategy: normal, platform: WINDOWS, platformName: WINDOWS, proxy: Proxy(), setWindowRect: true, strictFileInteractability: false, timeouts: {implicit: 0, pageLoad: 300000, script: 30000}, unhandledPromptBehavior: dismiss and notify, webauthn:extension:credBlob: true, webauthn:extension:largeBlob: true, webauthn:extension:minPinLength: true, webauthn:extension:prf: true, webauthn:virtualAuthenticators: true}
Session ID: e433d7f4ba94a8f9dde63018bff04d81
*** Element info: {Using=xpath, value=//*[@id='app']/div[1]/div[2]/div[2]/div/div[2]/div/div[2]/div/div/div/p[1]}
2025-11-16 23:06:26 [INFO ] com.dlh.step_definitions.Common_Step_Def [main] Starting beforeScenario setup...
2025-11-16 23:06:26 [INFO ] com.dlh.step_definitions.Common_Step_Def [main] Properties loaded successfully.
2025-11-16 23:06:26 [INFO ] com.dlh.step_definitions.Common_Step_Def [main] Driver already initialized — skipping browser launch.
2025-11-16 23:06:31 [INFO ] com.dlh.step_definitions.VerifyPendingTimeSheets_Step_Def [main] the user clicks on the time option from the Menu bar
2025-11-16 23:06:34 [ERROR] com.dlh.step_definitions.VerifyPendingTimeSheets_Step_Def [main] Error while entering name: Cannot invoke "org.openqa.selenium.WebElement.click()" because "this.TIMESHEET" is null
2025-11-16 23:06:34 [ERROR] com.dlh.step_definitions.VerifyPendingTimeSheets_Step_Def [main] Error while clicking on view button: Cannot invoke "org.openqa.selenium.WebElement.click()" because "this.SUBMIT" is null
2025-11-16 23:06:34 [INFO ] com.dlh.step_definitions.VerifyPendingTimeSheets_Step_Def [main] the user should see the message as There are no pending timesheets to approve
2025-11-16 23:06:37 [ERROR] com.dlh.step_definitions.VerifyPendingTimeSheets_Step_Def [main] Error while fetching message: Cannot invoke "org.openqa.selenium.WebElement.getText()" because "this.TIMESHEETPERIOD" is null
2025-11-16 23:16:03 [INFO ] com.dlh.step_definitions.Common_Step_Def [main] Starting beforeScenario setup...
2025-11-16 23:16:03 [INFO ] com.dlh.step_definitions.Common_Step_Def [main] Properties loaded successfully.
2025-11-16 23:16:03 [INFO ] com.dlh.step_definitions.Common_Step_Def [main] Driver is null — launching browser...
2025-11-16 23:16:03 [INFO ] com.dlh.webdriver_manager.DriverManager [main] Launching browser: chrome
2025-11-16 23:16:04 [INFO ] io.github.bonigarcia.wdm.WebDriverManager [main] Using chromedriver 142.0.7444.162 (resolved driver for Chrome 142)
2025-11-16 23:16:04 [INFO ] io.github.bonigarcia.wdm.WebDriverManager [main] Exporting webdriver.chrome.driver as C:\Users\haris\.cache\selenium\chromedriver\win64\142.0.7444.162\chromedriver.exe
2025-11-16 23:16:05 [INFO ] com.dlh.webdriver_manager.DriverManager [main] Chrome browser launched successfully.
2025-11-16 23:16:14 [INFO ] com.dlh.step_definitions.VerifyJobTitle_Step_Def [main] User is logged on successfully and is on Home Page
2025-11-16 23:16:17 [INFO ] com.dlh.step_definitions.VerifyJobTitle_Step_Def [main] the user clicks on the directory option from the Menu bar
2025-11-16 23:16:17 [INFO ] com.dlh.step_definitions.VerifyJobTitle_Step_Def [main] the user selects job title as CFO from the drop down
2025-11-16 23:16:24 [INFO ] com.dlh.step_definitions.VerifyJobTitle_Step_Def [main] clicks the search button
2025-11-16 23:16:24 [INFO ] com.dlh.step_definitions.VerifyJobTitle_Step_Def [main] the user should see the job title for Emp as {string}
2025-11-16 23:16:24 [ERROR] com.dlh.step_definitions.VerifyJobTitle_Step_Def [main] Error while fetching emp name: no such element: Unable to locate element: {"method":"xpath","selector":"//*[@id='app']/div[1]/div[2]/div[2]/div/div[2]/div/div[2]/div/div/div/p[1]"}
  (Session info: chrome=142.0.7444.163)
For documentation on this error, please visit: https://www.seleniumhq.org/exceptions/no_such_element.html
Build info: version: '3.141.59', revision: 'e82be7d358', time: '2018-11-14T08:17:03'
System info: host: 'HARISH', ip: '192.168.29.182', os.name: 'Windows 11', os.arch: 'amd64', os.version: '10.0', java.version: '17.0.12'
Driver info: org.openqa.selenium.chrome.ChromeDriver
Capabilities {acceptInsecureCerts: false, browserName: chrome, browserVersion: 142.0.7444.163, chrome: {chromedriverVersion: 142.0.7444.162 (c076baf266c..., userDataDir: C:\Users\haris\AppData\Loca...}, fedcm:accounts: true, goog:chromeOptions: {debuggerAddress: localhost:63074}, goog:processID: 13500, javascriptEnabled: true, networkConnectionEnabled: false, pageLoadStrategy: normal, platform: WINDOWS, platformName: WINDOWS, proxy: Proxy(), setWindowRect: true, strictFileInteractability: false, timeouts: {implicit: 0, pageLoad: 300000, script: 30000}, unhandledPromptBehavior: dismiss and notify, webauthn:extension:credBlob: true, webauthn:extension:largeBlob: true, webauthn:extension:minPinLength: true, webauthn:extension:prf: true, webauthn:virtualAuthenticators: true}
Session ID: 4b394d5628c035bfcbaa41f210af0427
*** Element info: {Using=xpath, value=//*[@id='app']/div[1]/div[2]/div[2]/div/div[2]/div/div[2]/div/div/div/p[1]}
2025-11-16 23:16:24 [INFO ] com.dlh.step_definitions.Common_Step_Def [main] Starting beforeScenario setup...
2025-11-16 23:16:24 [INFO ] com.dlh.step_definitions.Common_Step_Def [main] Properties loaded successfully.
2025-11-16 23:16:24 [INFO ] com.dlh.step_definitions.Common_Step_Def [main] Driver already initialized — skipping browser launch.
2025-11-16 23:16:29 [INFO ] com.dlh.step_definitions.VerifyPendingTimeSheets_Step_Def [main] the user clicks on the time option from the Menu bar
2025-11-16 23:16:32 [ERROR] com.dlh.step_definitions.VerifyPendingTimeSheets_Step_Def [main] Error while entering name: Cannot invoke "org.openqa.selenium.WebElement.click()" because "this.TIMESHEET" is null
2025-11-16 23:16:32 [ERROR] com.dlh.step_definitions.VerifyPendingTimeSheets_Step_Def [main] Error while clicking on view button: Cannot invoke "org.openqa.selenium.WebElement.click()" because "this.SUBMIT" is null
2025-11-16 23:16:32 [INFO ] com.dlh.step_definitions.VerifyPendingTimeSheets_Step_Def [main] the user should see the message as There are no pending timesheets to approve
2025-11-16 23:16:35 [ERROR] com.dlh.step_definitions.VerifyPendingTimeSheets_Step_Def [main] Error while fetching message: Cannot invoke "org.openqa.selenium.WebElement.getText()" because "this.TIMESHEETPERIOD" is null
2025-11-16 23:17:26 [INFO ] com.dlh.step_definitions.Common_Step_Def [main] Starting beforeScenario setup...
2025-11-16 23:17:26 [INFO ] com.dlh.step_definitions.Common_Step_Def [main] Properties loaded successfully.
2025-11-16 23:17:26 [INFO ] com.dlh.step_definitions.Common_Step_Def [main] Driver is null — launching browser...
2025-11-16 23:17:26 [INFO ] com.dlh.webdriver_manager.DriverManager [main] Launching browser: chrome
2025-11-16 23:17:27 [INFO ] io.github.bonigarcia.wdm.WebDriverManager [main] Using chromedriver 142.0.7444.162 (resolved driver for Chrome 142)
2025-11-16 23:17:27 [INFO ] io.github.bonigarcia.wdm.WebDriverManager [main] Exporting webdriver.chrome.driver as C:\Users\haris\.cache\selenium\chromedriver\win64\142.0.7444.162\chromedriver.exe
2025-11-16 23:17:30 [INFO ] com.dlh.webdriver_manager.DriverManager [main] Chrome browser launched successfully.
2025-11-16 23:17:38 [INFO ] com.dlh.step_definitions.VerifyJobTitle_Step_Def [main] User is logged on successfully and is on Home Page
2025-11-16 23:17:42 [INFO ] com.dlh.step_definitions.VerifyJobTitle_Step_Def [main] the user clicks on the directory option from the Menu bar
2025-11-16 23:17:42 [INFO ] com.dlh.step_definitions.VerifyJobTitle_Step_Def [main] the user selects job title as CFO from the drop down
2025-11-16 23:17:49 [INFO ] com.dlh.step_definitions.VerifyJobTitle_Step_Def [main] clicks the search button
2025-11-16 23:17:49 [INFO ] com.dlh.step_definitions.VerifyJobTitle_Step_Def [main] the user should see the job title for Emp as {string}
2025-11-16 23:17:50 [ERROR] com.dlh.step_definitions.VerifyJobTitle_Step_Def [main] Error while fetching emp name: no such element: Unable to locate element: {"method":"xpath","selector":"//*[@id='app']/div[1]/div[2]/div[2]/div/div[2]/div/div[2]/div/div/div/p[1]"}
  (Session info: chrome=142.0.7444.163)
For documentation on this error, please visit: https://www.seleniumhq.org/exceptions/no_such_element.html
Build info: version: '3.141.59', revision: 'e82be7d358', time: '2018-11-14T08:17:03'
System info: host: 'HARISH', ip: '192.168.29.182', os.name: 'Windows 11', os.arch: 'amd64', os.version: '10.0', java.version: '17.0.12'
Driver info: org.openqa.selenium.chrome.ChromeDriver
Capabilities {acceptInsecureCerts: false, browserName: chrome, browserVersion: 142.0.7444.163, chrome: {chromedriverVersion: 142.0.7444.162 (c076baf266c..., userDataDir: C:\Users\haris\AppData\Loca...}, fedcm:accounts: true, goog:chromeOptions: {debuggerAddress: localhost:62490}, goog:processID: 16036, javascriptEnabled: true, networkConnectionEnabled: false, pageLoadStrategy: normal, platform: WINDOWS, platformName: WINDOWS, proxy: Proxy(), setWindowRect: true, strictFileInteractability: false, timeouts: {implicit: 0, pageLoad: 300000, script: 30000}, unhandledPromptBehavior: dismiss and notify, webauthn:extension:credBlob: true, webauthn:extension:largeBlob: true, webauthn:extension:minPinLength: true, webauthn:extension:prf: true, webauthn:virtualAuthenticators: true}
Session ID: b44cfb4d0a01e19b504d55793a9635b2
*** Element info: {Using=xpath, value=//*[@id='app']/div[1]/div[2]/div[2]/div/div[2]/div/div[2]/div/div/div/p[1]}
2025-11-16 23:17:50 [INFO ] com.dlh.step_definitions.Common_Step_Def [main] Starting beforeScenario setup...
2025-11-16 23:17:50 [INFO ] com.dlh.step_definitions.Common_Step_Def [main] Properties loaded successfully.
2025-11-16 23:17:50 [INFO ] com.dlh.step_definitions.Common_Step_Def [main] Driver already initialized — skipping browser launch.
2025-11-16 23:17:55 [INFO ] com.dlh.step_definitions.VerifyPendingTimeSheets_Step_Def [main] the user clicks on the time option from the Menu bar
2025-11-16 23:17:58 [ERROR] com.dlh.step_definitions.VerifyPendingTimeSheets_Step_Def [main] Error while entering name: Cannot invoke "org.openqa.selenium.WebElement.click()" because "this.TIMESHEET" is null
2025-11-16 23:17:58 [ERROR] com.dlh.step_definitions.VerifyPendingTimeSheets_Step_Def [main] Error while clicking on view button: Cannot invoke "org.openqa.selenium.WebElement.click()" because "this.SUBMIT" is null
2025-11-16 23:17:58 [INFO ] com.dlh.step_definitions.VerifyPendingTimeSheets_Step_Def [main] the user should see the message as There are no pending timesheets to approve
2025-11-16 23:18:02 [ERROR] com.dlh.step_definitions.VerifyPendingTimeSheets_Step_Def [main] Error while fetching message: Cannot invoke "org.openqa.selenium.WebElement.getText()" because "this.TIMESHEETPERIOD" is null
2025-11-16 23:19:57 [INFO ] com.dlh.step_definitions.Common_Step_Def [main] Starting beforeScenario setup...
2025-11-16 23:19:57 [INFO ] com.dlh.step_definitions.Common_Step_Def [main] Properties loaded successfully.
2025-11-16 23:19:57 [INFO ] com.dlh.step_definitions.Common_Step_Def [main] Driver is null — launching browser...
2025-11-16 23:19:57 [INFO ] com.dlh.webdriver_manager.DriverManager [main] Launching browser: chrome
2025-11-16 23:19:57 [INFO ] io.github.bonigarcia.wdm.WebDriverManager [main] Using chromedriver 142.0.7444.162 (resolved driver for Chrome 142)
2025-11-16 23:19:57 [INFO ] io.github.bonigarcia.wdm.WebDriverManager [main] Exporting webdriver.chrome.driver as C:\Users\haris\.cache\selenium\chromedriver\win64\142.0.7444.162\chromedriver.exe
2025-11-16 23:19:58 [INFO ] com.dlh.webdriver_manager.DriverManager [main] Chrome browser launched successfully.
2025-11-16 23:20:06 [INFO ] com.dlh.step_definitions.VerifyJobTitle_Step_Def [main] User is logged on successfully and is on Home Page
2025-11-16 23:20:10 [INFO ] com.dlh.step_definitions.VerifyJobTitle_Step_Def [main] the user clicks on the directory option from the Menu bar
2025-11-16 23:20:10 [INFO ] com.dlh.step_definitions.VerifyJobTitle_Step_Def [main] the user selects job title as CFO from the drop down
2025-11-16 23:20:16 [INFO ] com.dlh.step_definitions.VerifyJobTitle_Step_Def [main] clicks the search button
2025-11-16 23:20:17 [INFO ] com.dlh.step_definitions.VerifyJobTitle_Step_Def [main] the user should see the job title for Emp as {string}
2025-11-16 23:20:17 [ERROR] com.dlh.step_definitions.VerifyJobTitle_Step_Def [main] Error while fetching emp name: no such element: Unable to locate element: {"method":"xpath","selector":"//*[@id='app']/div[1]/div[2]/div[2]/div/div[2]/div/div[2]/div/div/div/p[1]"}
  (Session info: chrome=142.0.7444.163)
For documentation on this error, please visit: https://www.seleniumhq.org/exceptions/no_such_element.html
Build info: version: '3.141.59', revision: 'e82be7d358', time: '2018-11-14T08:17:03'
System info: host: 'HARISH', ip: '192.168.29.182', os.name: 'Windows 11', os.arch: 'amd64', os.version: '10.0', java.version: '17.0.12'
Driver info: org.openqa.selenium.chrome.ChromeDriver
Capabilities {acceptInsecureCerts: false, browserName: chrome, browserVersion: 142.0.7444.163, chrome: {chromedriverVersion: 142.0.7444.162 (c076baf266c..., userDataDir: C:\Users\haris\AppData\Loca...}, fedcm:accounts: true, goog:chromeOptions: {debuggerAddress: localhost:64685}, goog:processID: 20944, javascriptEnabled: true, networkConnectionEnabled: false, pageLoadStrategy: normal, platform: WINDOWS, platformName: WINDOWS, proxy: Proxy(), setWindowRect: true, strictFileInteractability: false, timeouts: {implicit: 0, pageLoad: 300000, script: 30000}, unhandledPromptBehavior: dismiss and notify, webauthn:extension:credBlob: true, webauthn:extension:largeBlob: true, webauthn:extension:minPinLength: true, webauthn:extension:prf: true, webauthn:virtualAuthenticators: true}
Session ID: 6de8cc4452662da574dce62643f72e50
*** Element info: {Using=xpath, value=//*[@id='app']/div[1]/div[2]/div[2]/div/div[2]/div/div[2]/div/div/div/p[1]}
2025-11-16 23:20:17 [INFO ] com.dlh.step_definitions.Common_Step_Def [main] Starting beforeScenario setup...
2025-11-16 23:20:17 [INFO ] com.dlh.step_definitions.Common_Step_Def [main] Properties loaded successfully.
2025-11-16 23:20:17 [INFO ] com.dlh.step_definitions.Common_Step_Def [main] Driver already initialized — skipping browser launch.
2025-11-16 23:20:21 [INFO ] com.dlh.step_definitions.VerifyPendingTimeSheets_Step_Def [main] the user clicks on the time option from the Menu bar
2025-11-16 23:20:25 [ERROR] com.dlh.step_definitions.VerifyPendingTimeSheets_Step_Def [main] Error while entering name: Cannot invoke "org.openqa.selenium.WebElement.click()" because "this.TIMESHEET" is null
2025-11-16 23:20:25 [ERROR] com.dlh.step_definitions.VerifyPendingTimeSheets_Step_Def [main] Error while clicking on view button: Cannot invoke "org.openqa.selenium.WebElement.click()" because "this.SUBMIT" is null
2025-11-16 23:20:25 [INFO ] com.dlh.step_definitions.VerifyPendingTimeSheets_Step_Def [main] the user should see the message as There are no pending timesheets to approve
2025-11-16 23:20:28 [ERROR] com.dlh.step_definitions.VerifyPendingTimeSheets_Step_Def [main] Error while fetching message: Cannot invoke "org.openqa.selenium.WebElement.getText()" because "this.TIMESHEETPERIOD" is null
2025-11-16 23:23:18 [INFO ] com.dlh.step_definitions.Common_Step_Def [main] Starting beforeScenario setup...
2025-11-16 23:23:18 [INFO ] com.dlh.step_definitions.Common_Step_Def [main] Properties loaded successfully.
2025-11-16 23:23:18 [INFO ] com.dlh.step_definitions.Common_Step_Def [main] Driver is null — launching browser...
2025-11-16 23:23:18 [INFO ] com.dlh.webdriver_manager.DriverManager [main] Launching browser: chrome
2025-11-16 23:23:18 [INFO ] io.github.bonigarcia.wdm.WebDriverManager [main] Using chromedriver 142.0.7444.162 (resolved driver for Chrome 142)
2025-11-16 23:23:18 [INFO ] io.github.bonigarcia.wdm.WebDriverManager [main] Exporting webdriver.chrome.driver as C:\Users\haris\.cache\selenium\chromedriver\win64\142.0.7444.162\chromedriver.exe
2025-11-16 23:23:20 [INFO ] com.dlh.webdriver_manager.DriverManager [main] Chrome browser launched successfully.
2025-11-16 23:23:27 [INFO ] com.dlh.step_definitions.VerifyJobTitle_Step_Def [main] User is logged on successfully and is on Home Page
2025-11-16 23:23:31 [INFO ] com.dlh.step_definitions.VerifyJobTitle_Step_Def [main] the user clicks on the directory option from the Menu bar
2025-11-16 23:23:31 [INFO ] com.dlh.step_definitions.VerifyJobTitle_Step_Def [main] the user selects job title as CFO from the drop down
2025-11-16 23:23:37 [INFO ] com.dlh.step_definitions.VerifyJobTitle_Step_Def [main] clicks the search button
2025-11-16 23:23:38 [INFO ] com.dlh.step_definitions.VerifyJobTitle_Step_Def [main] the user should see the job title for Emp as {string}
2025-11-16 23:23:38 [ERROR] com.dlh.step_definitions.VerifyJobTitle_Step_Def [main] Error while fetching emp name: no such element: Unable to locate element: {"method":"xpath","selector":"//*[@id='app']/div[1]/div[2]/div[2]/div/div[2]/div/div[2]/div/div/div/p[1]"}
  (Session info: chrome=142.0.7444.163)
For documentation on this error, please visit: https://www.seleniumhq.org/exceptions/no_such_element.html
Build info: version: '3.141.59', revision: 'e82be7d358', time: '2018-11-14T08:17:03'
System info: host: 'HARISH', ip: '192.168.29.182', os.name: 'Windows 11', os.arch: 'amd64', os.version: '10.0', java.version: '17.0.12'
Driver info: org.openqa.selenium.chrome.ChromeDriver
Capabilities {acceptInsecureCerts: false, browserName: chrome, browserVersion: 142.0.7444.163, chrome: {chromedriverVersion: 142.0.7444.162 (c076baf266c..., userDataDir: C:\Users\haris\AppData\Loca...}, fedcm:accounts: true, goog:chromeOptions: {debuggerAddress: localhost:52846}, goog:processID: 2964, javascriptEnabled: true, networkConnectionEnabled: false, pageLoadStrategy: normal, platform: WINDOWS, platformName: WINDOWS, proxy: Proxy(), setWindowRect: true, strictFileInteractability: false, timeouts: {implicit: 0, pageLoad: 300000, script: 30000}, unhandledPromptBehavior: dismiss and notify, webauthn:extension:credBlob: true, webauthn:extension:largeBlob: true, webauthn:extension:minPinLength: true, webauthn:extension:prf: true, webauthn:virtualAuthenticators: true}
Session ID: ac4c5743bc7dd1e4f578867079f02b30
*** Element info: {Using=xpath, value=//*[@id='app']/div[1]/div[2]/div[2]/div/div[2]/div/div[2]/div/div/div/p[1]}
2025-11-16 23:23:38 [INFO ] com.dlh.step_definitions.Common_Step_Def [main] Starting beforeScenario setup...
2025-11-16 23:23:38 [INFO ] com.dlh.step_definitions.Common_Step_Def [main] Properties loaded successfully.
2025-11-16 23:23:38 [INFO ] com.dlh.step_definitions.Common_Step_Def [main] Driver already initialized — skipping browser launch.
2025-11-16 23:23:43 [INFO ] com.dlh.step_definitions.VerifyPendingTimeSheets_Step_Def [main] the user clicks on the time option from the Menu bar
2025-11-16 23:23:46 [ERROR] com.dlh.step_definitions.VerifyPendingTimeSheets_Step_Def [main] Error while entering name: Cannot invoke "org.openqa.selenium.WebElement.click()" because "this.TIMESHEET" is null
2025-11-16 23:23:46 [ERROR] com.dlh.step_definitions.VerifyPendingTimeSheets_Step_Def [main] Error while clicking on view button: Cannot invoke "org.openqa.selenium.WebElement.click()" because "this.SUBMIT" is null
2025-11-16 23:23:46 [INFO ] com.dlh.step_definitions.VerifyPendingTimeSheets_Step_Def [main] the user should see the message as There are no pending timesheets to approve
2025-11-16 23:23:49 [ERROR] com.dlh.step_definitions.VerifyPendingTimeSheets_Step_Def [main] Error while fetching message: Cannot invoke "org.openqa.selenium.WebElement.getText()" because "this.TIMESHEETPERIOD" is null
